2026-06-04 12:26:01,232 | INFO | Logging configured successfully
2026-06-04 12:26:01,234 | INFO | Log file location: /Users/lyrics/Desktop/client/evance ai project/dataset/ksl_project_data/logs/load_wlasl_20260604_122601.log
2026-06-04 12:26:08,907 | INFO | FiftyOne imported successfully
2026-06-04 12:26:08,910 | INFO | Loading WLASL from Hugging Face/FiftyOne cache...
2026-06-04 12:26:10,317 | INFO | HTTP Request: HEAD https://huggingface.co/datasets/Voxel51/WLASL/resolve/main/fiftyone.yml "HTTP/1.1 307 Temporary Redirect"
2026-06-04 12:26:10,347 | INFO | HTTP Request: HEAD https://huggingface.co/api/resolve-cache/datasets/Voxel51/WLASL/3cf8daaac08088798f539d62fa511028bf5e6fd0/fiftyone.yml "HTTP/1.1 200 OK"
2026-06-04 12:26:10,348 | INFO | Downloading config file fiftyone.yml from Voxel51/WLASL
2026-06-04 12:26:10,585 | INFO | HTTP Request: HEAD https://huggingface.co/datasets/Voxel51/WLASL/resolve/main/fiftyone.yml "HTTP/1.1 307 Temporary Redirect"
2026-06-04 12:26:10,627 | INFO | HTTP Request: HEAD https://huggingface.co/api/resolve-cache/datasets/Voxel51/WLASL/3cf8daaac08088798f539d62fa511028bf5e6fd0/fiftyone.yml "HTTP/1.1 200 OK"
2026-06-04 12:26:10,648 | INFO | Loading dataset
2026-06-04 12:26:10,905 | INFO | HTTP Request: GET https://huggingface.co/api/datasets/Voxel51/WLASL/revision/main "HTTP/1.1 200 OK"
2026-06-04 12:26:12,341 | INFO | HTTP Request: GET https://huggingface.co/api/datasets/Voxel51/WLASL/tree/main?recursive=true&expand=false "HTTP/1.1 200 OK"
2026-06-04 12:26:12,686 | INFO | HTTP Request: GET https://huggingface.co/api/datasets/Voxel51/WLASL/tree/main?expand=false&recursive=true&limit=1000&cursor=ZXlKbWFXeGxYMjVoYldVaU9pSmtZWFJoTDJSaGRHRmZNVEExTHpZek56Z3dMbTF3TkNJc0luUnlaV1ZmYjJsa0lqb2laakUwWVRobE9HRm1ORGc0T0RGa01qVTJaR0kwTURBMU56bGxZMlExTldSaU1XRTNNREF4WmlKOToxMDAw "HTTP/1.1 200 OK"
2026-06-04 12:26:12,989 | INFO | HTTP Request: GET https://huggingface.co/api/datasets/Voxel51/WLASL/tree/main?expand=false&recursive=true&limit=1000&cursor=ZXlKbWFXeGxYMjVoYldVaU9pSmtZWFJoTDJSaGRHRmZNVEUwTHpZMk16VXlMbTF3TkNJc0luUnlaV1ZmYjJsa0lqb2laakUwWVRobE9HRm1ORGc0T0RGa01qVTJaR0kwTURBMU56bGxZMlExTldSaU1XRTNNREF4WmlKOToyMDAw "HTTP/1.1 200 OK"
2026-06-04 12:26:16,941 | INFO | HTTP Request: GET https://huggingface.co/api/datasets/Voxel51/WLASL/tree/main?expand=false&recursive=true&limit=1000&cursor=ZXlKbWFXeGxYMjVoYldVaU9pSmtZWFJoTDJSaGRHRmZNVFl2TURrNU1qSXViWEEwSWl3aWRISmxaVjl2YVdRaU9pSm1NVFJoT0dVNFlXWTBPRGc0TVdReU5UWmtZalF3TURVM09XVmpaRFUxWkdJeFlUY3dNREZtSW4wPTozMDAw "HTTP/1.1 200 OK"
2026-06-04 12:26:17,349 | INFO | HTTP Request: GET https://huggingface.co/api/datasets/Voxel51/WLASL/tree/main?expand=false&recursive=true&limit=1000&cursor=ZXlKbWFXeGxYMjVoYldVaU9pSmtZWFJoTDJSaGRHRmZNall2TVRVMU5qRXViWEEwSWl3aWRISmxaVjl2YVdRaU9pSm1NVFJoT0dVNFlXWTBPRGc0TVdReU5UWmtZalF3TURVM09XVmpaRFUxWkdJeFlUY3dNREZtSW4wPTo0MDAw "HTTP/1.1 200 OK"
2026-06-04 12:26:17,712 | INFO | HTTP Request: GET https://huggingface.co/api/datasets/Voxel51/WLASL/tree/main?expand=false&recursive=true&limit=1000&cursor=ZXlKbWFXeGxYMjVoYldVaU9pSmtZWFJoTDJSaGRHRmZNelV2TWpBM01URXViWEEwSWl3aWRISmxaVjl2YVdRaU9pSm1NVFJoT0dVNFlXWTBPRGc0TVdReU5UWmtZalF3TURVM09XVmpaRFUxWkdJeFlUY3dNREZtSW4wPTo1MDAw "HTTP/1.1 200 OK"
2026-06-04 12:26:18,078 | INFO | HTTP Request: GET https://huggingface.co/api/datasets/Voxel51/WLASL/tree/main?expand=false&recursive=true&limit=1000&cursor=ZXlKbWFXeGxYMjVoYldVaU9pSmtZWFJoTDJSaGRHRmZORFF2TWpZMU9URXViWEEwSWl3aWRISmxaVjl2YVdRaU9pSm1NVFJoT0dVNFlXWTBPRGc0TVdReU5UWmtZalF3TURVM09XVmpaRFUxWkdJeFlUY3dNREZtSW4wPTo2MDAw "HTTP/1.1 200 OK"
2026-06-04 12:26:18,681 | INFO | HTTP Request: GET https://huggingface.co/api/datasets/Voxel51/WLASL/tree/main?expand=false&recursive=true&limit=1000&cursor=ZXlKbWFXeGxYMjVoYldVaU9pSmtZWFJoTDJSaGRHRmZOVE12TXpJMk5qRXViWEEwSWl3aWRISmxaVjl2YVdRaU9pSm1NVFJoT0dVNFlXWTBPRGc0TVdReU5UWmtZalF3TURVM09XVmpaRFUxWkdJeFlUY3dNREZtSW4wPTo3MDAw "HTTP/1.1 200 OK"
2026-06-04 12:26:19,044 | INFO | HTTP Request: GET https://huggingface.co/api/datasets/Voxel51/WLASL/tree/main?expand=false&recursive=true&limit=1000&cursor=ZXlKbWFXeGxYMjVoYldVaU9pSmtZWFJoTDJSaGRHRmZOakl2TXpnNE5qTXViWEEwSWl3aWRISmxaVjl2YVdRaU9pSm1NVFJoT0dVNFlXWTBPRGc0TVdReU5UWmtZalF3TURVM09XVmpaRFUxWkdJeFlUY3dNREZtSW4wPTo4MDAw "HTTP/1.1 200 OK"
2026-06-04 12:26:22,038 | INFO | HTTP Request: GET https://huggingface.co/api/datasets/Voxel51/WLASL/tree/main?expand=false&recursive=true&limit=1000&cursor=ZXlKbWFXeGxYMjVoYldVaU9pSmtZWFJoTDJSaGRHRmZOekV2TkRRMU5qWXViWEEwSWl3aWRISmxaVjl2YVdRaU9pSm1NVFJoT0dVNFlXWTBPRGc0TVdReU5UWmtZalF3TURVM09XVmpaRFUxWkdJeFlUY3dNREZtSW4wPTo5MDAw "HTTP/1.1 200 OK"
2026-06-04 12:26:23,221 | INFO | HTTP Request: GET https://huggingface.co/api/datasets/Voxel51/WLASL/tree/main?expand=false&recursive=true&limit=1000&cursor=ZXlKbWFXeGxYMjVoYldVaU9pSmtZWFJoTDJSaGRHRmZPREF2TlRBd016Y3ViWEEwSWl3aWRISmxaVjl2YVdRaU9pSm1NVFJoT0dVNFlXWTBPRGc0TVdReU5UWmtZalF3TURVM09XVmpaRFUxWkdJeFlUY3dNREZtSW4wPToxMDAwMA%3D%3D "HTTP/1.1 200 OK"
2026-06-04 12:26:24,264 | INFO | HTTP Request: GET https://huggingface.co/api/datasets/Voxel51/WLASL/tree/main?expand=false&recursive=true&limit=1000&cursor=ZXlKbWFXeGxYMjVoYldVaU9pSmtZWFJoTDJSaGRHRmZPUzh3TmpBNE1TNXRjRFFpTENKMGNtVmxYMjlwWkNJNkltWXhOR0U0WlRoaFpqUTRPRGd4WkRJMU5tUmlOREF3TlRjNVpXTmtOVFZrWWpGaE56QXdNV1lpZlE9PToxMTAwMA%3D%3D "HTTP/1.1 200 OK"
2026-06-04 12:26:24,654 | INFO | HTTP Request: GET https://huggingface.co/api/datasets/Voxel51/WLASL/tree/main?expand=false&recursive=true&limit=1000&cursor=ZXlKbWFXeGxYMjVoYldVaU9pSmtZWFJoTDJSaGRHRmZPVGt2TmpBek5Ea3ViWEEwSWl3aWRISmxaVjl2YVdRaU9pSm1NVFJoT0dVNFlXWTBPRGc0TVdReU5UWmtZalF3TURVM09XVmpaRFUxWkdJeFlUY3dNREZtSW4wPToxMjAwMA%3D%3D "HTTP/1.1 200 OK"
2026-06-04 12:28:20,006 | INFO | FiftyOne imported successfully
2026-06-04 12:28:20,008 | INFO | Loading WLASL from Hugging Face/FiftyOne cache...
2026-06-04 12:28:20,686 | INFO | HTTP Request: HEAD https://huggingface.co/datasets/Voxel51/WLASL/resolve/main/fiftyone.yml "HTTP/1.1 307 Temporary Redirect"
2026-06-04 12:28:20,705 | INFO | HTTP Request: HEAD https://huggingface.co/api/resolve-cache/datasets/Voxel51/WLASL/3cf8daaac08088798f539d62fa511028bf5e6fd0/fiftyone.yml "HTTP/1.1 200 OK"
2026-06-04 12:28:20,706 | INFO | Downloading config file fiftyone.yml from Voxel51/WLASL
2026-06-04 12:28:20,953 | INFO | HTTP Request: HEAD https://huggingface.co/datasets/Voxel51/WLASL/resolve/main/fiftyone.yml "HTTP/1.1 307 Temporary Redirect"
2026-06-04 12:28:20,976 | INFO | HTTP Request: HEAD https://huggingface.co/api/resolve-cache/datasets/Voxel51/WLASL/3cf8daaac08088798f539d62fa511028bf5e6fd0/fiftyone.yml "HTTP/1.1 200 OK"
2026-06-04 12:28:20,983 | INFO | Loading dataset
2026-06-04 12:28:21,309 | INFO | HTTP Request: GET https://huggingface.co/api/datasets/Voxel51/WLASL/revision/main "HTTP/1.1 200 OK"
2026-06-04 12:28:21,940 | INFO | HTTP Request: GET https://huggingface.co/api/datasets/Voxel51/WLASL/tree/main?recursive=true&expand=false "HTTP/1.1 200 OK"
2026-06-04 12:28:22,462 | INFO | HTTP Request: GET https://huggingface.co/api/datasets/Voxel51/WLASL/tree/main?expand=false&recursive=true&limit=1000&cursor=ZXlKbWFXeGxYMjVoYldVaU9pSmtZWFJoTDJSaGRHRmZNVEExTHpZek56Z3dMbTF3TkNJc0luUnlaV1ZmYjJsa0lqb2laakUwWVRobE9HRm1ORGc0T0RGa01qVTJaR0kwTURBMU56bGxZMlExTldSaU1XRTNNREF4WmlKOToxMDAw "HTTP/1.1 200 OK"
2026-06-04 12:28:22,791 | INFO | HTTP Request: GET https://huggingface.co/api/datasets/Voxel51/WLASL/tree/main?expand=false&recursive=true&limit=1000&cursor=ZXlKbWFXeGxYMjVoYldVaU9pSmtZWFJoTDJSaGRHRmZNVEUwTHpZMk16VXlMbTF3TkNJc0luUnlaV1ZmYjJsa0lqb2laakUwWVRobE9HRm1ORGc0T0RGa01qVTJaR0kwTURBMU56bGxZMlExTldSaU1XRTNNREF4WmlKOToyMDAw "HTTP/1.1 200 OK"
2026-06-04 12:28:23,178 | INFO | HTTP Request: GET https://huggingface.co/api/datasets/Voxel51/WLASL/tree/main?expand=false&recursive=true&limit=1000&cursor=ZXlKbWFXeGxYMjVoYldVaU9pSmtZWFJoTDJSaGRHRmZNVFl2TURrNU1qSXViWEEwSWl3aWRISmxaVjl2YVdRaU9pSm1NVFJoT0dVNFlXWTBPRGc0TVdReU5UWmtZalF3TURVM09XVmpaRFUxWkdJeFlUY3dNREZtSW4wPTozMDAw "HTTP/1.1 200 OK"
2026-06-04 12:28:23,610 | INFO | HTTP Request: GET https://huggingface.co/api/datasets/Voxel51/WLASL/tree/main?expand=false&recursive=true&limit=1000&cursor=ZXlKbWFXeGxYMjVoYldVaU9pSmtZWFJoTDJSaGRHRmZNall2TVRVMU5qRXViWEEwSWl3aWRISmxaVjl2YVdRaU9pSm1NVFJoT0dVNFlXWTBPRGc0TVdReU5UWmtZalF3TURVM09XVmpaRFUxWkdJeFlUY3dNREZtSW4wPTo0MDAw "HTTP/1.1 200 OK"
2026-06-04 12:28:24,189 | INFO | HTTP Request: GET https://huggingface.co/api/datasets/Voxel51/WLASL/tree/main?expand=false&recursive=true&limit=1000&cursor=ZXlKbWFXeGxYMjVoYldVaU9pSmtZWFJoTDJSaGRHRmZNelV2TWpBM01URXViWEEwSWl3aWRISmxaVjl2YVdRaU9pSm1NVFJoT0dVNFlXWTBPRGc0TVdReU5UWmtZalF3TURVM09XVmpaRFUxWkdJeFlUY3dNREZtSW4wPTo1MDAw "HTTP/1.1 200 OK"
2026-06-04 12:28:24,565 | INFO | HTTP Request: GET https://huggingface.co/api/datasets/Voxel51/WLASL/tree/main?expand=false&recursive=true&limit=1000&cursor=ZXlKbWFXeGxYMjVoYldVaU9pSmtZWFJoTDJSaGRHRmZORFF2TWpZMU9URXViWEEwSWl3aWRISmxaVjl2YVdRaU9pSm1NVFJoT0dVNFlXWTBPRGc0TVdReU5UWmtZalF3TURVM09XVmpaRFUxWkdJeFlUY3dNREZtSW4wPTo2MDAw "HTTP/1.1 200 OK"
2026-06-04 12:28:24,945 | INFO | HTTP Request: GET https://huggingface.co/api/datasets/Voxel51/WLASL/tree/main?expand=false&recursive=true&limit=1000&cursor=ZXlKbWFXeGxYMjVoYldVaU9pSmtZWFJoTDJSaGRHRmZOVE12TXpJMk5qRXViWEEwSWl3aWRISmxaVjl2YVdRaU9pSm1NVFJoT0dVNFlXWTBPRGc0TVdReU5UWmtZalF3TURVM09XVmpaRFUxWkdJeFlUY3dNREZtSW4wPTo3MDAw "HTTP/1.1 200 OK"
2026-06-04 12:28:25,327 | INFO | HTTP Request: GET https://huggingface.co/api/datasets/Voxel51/WLASL/tree/main?expand=false&recursive=true&limit=1000&cursor=ZXlKbWFXeGxYMjVoYldVaU9pSmtZWFJoTDJSaGRHRmZOakl2TXpnNE5qTXViWEEwSWl3aWRISmxaVjl2YVdRaU9pSm1NVFJoT0dVNFlXWTBPRGc0TVdReU5UWmtZalF3TURVM09XVmpaRFUxWkdJeFlUY3dNREZtSW4wPTo4MDAw "HTTP/1.1 200 OK"
2026-06-04 12:28:25,698 | INFO | HTTP Request: GET https://huggingface.co/api/datasets/Voxel51/WLASL/tree/main?expand=false&recursive=true&limit=1000&cursor=ZXlKbWFXeGxYMjVoYldVaU9pSmtZWFJoTDJSaGRHRmZOekV2TkRRMU5qWXViWEEwSWl3aWRISmxaVjl2YVdRaU9pSm1NVFJoT0dVNFlXWTBPRGc0TVdReU5UWmtZalF3TURVM09XVmpaRFUxWkdJeFlUY3dNREZtSW4wPTo5MDAw "HTTP/1.1 200 OK"
2026-06-04 12:28:26,282 | INFO | HTTP Request: GET https://huggingface.co/api/datasets/Voxel51/WLASL/tree/main?expand=false&recursive=true&limit=1000&cursor=ZXlKbWFXeGxYMjVoYldVaU9pSmtZWFJoTDJSaGRHRmZPREF2TlRBd016Y3ViWEEwSWl3aWRISmxaVjl2YVdRaU9pSm1NVFJoT0dVNFlXWTBPRGc0TVdReU5UWmtZalF3TURVM09XVmpaRFUxWkdJeFlUY3dNREZtSW4wPToxMDAwMA%3D%3D "HTTP/1.1 200 OK"
2026-06-04 12:28:26,660 | INFO | HTTP Request: GET https://huggingface.co/api/datasets/Voxel51/WLASL/tree/main?expand=false&recursive=true&limit=1000&cursor=ZXlKbWFXeGxYMjVoYldVaU9pSmtZWFJoTDJSaGRHRmZPUzh3TmpBNE1TNXRjRFFpTENKMGNtVmxYMjlwWkNJNkltWXhOR0U0WlRoaFpqUTRPRGd4WkRJMU5tUmlOREF3TlRjNVpXTmtOVFZrWWpGaE56QXdNV1lpZlE9PToxMTAwMA%3D%3D "HTTP/1.1 200 OK"
2026-06-04 12:28:26,966 | INFO | HTTP Request: GET https://huggingface.co/api/datasets/Voxel51/WLASL/tree/main?expand=false&recursive=true&limit=1000&cursor=ZXlKbWFXeGxYMjVoYldVaU9pSmtZWFJoTDJSaGRHRmZPVGt2TmpBek5Ea3ViWEEwSWl3aWRISmxaVjl2YVdRaU9pSm1NVFJoT0dVNFlXWTBPRGc0TVdReU5UWmtZalF3TURVM09XVmpaRFUxWkdJeFlUY3dNREZtSW4wPToxMjAwMA%3D%3D "HTTP/1.1 200 OK"
2026-06-04 12:29:42,529 | INFO | FiftyOne imported successfully
2026-06-04 12:29:42,531 | INFO | Checking if WLASL already exists locally...
2026-06-04 12:29:42,543 | INFO | WLASL already exists locally. Loading existing dataset...
2026-06-04 12:29:42,618 | INFO | Dataset loaded: Voxel51/WLASL
2026-06-04 12:29:42,622 | INFO | Total samples in metadata: 11980
2026-06-04 12:30:14,979 | INFO | Loading WLASL from Hugging Face/FiftyOne cache...
2026-06-04 12:30:15,865 | INFO | HTTP Request: HEAD https://huggingface.co/datasets/Voxel51/WLASL/resolve/main/fiftyone.yml "HTTP/1.1 307 Temporary Redirect"
2026-06-04 12:30:15,878 | INFO | HTTP Request: HEAD https://huggingface.co/api/resolve-cache/datasets/Voxel51/WLASL/3cf8daaac08088798f539d62fa511028bf5e6fd0/fiftyone.yml "HTTP/1.1 200 OK"
2026-06-04 12:30:15,880 | INFO | Downloading config file fiftyone.yml from Voxel51/WLASL
2026-06-04 12:30:16,116 | INFO | HTTP Request: HEAD https://huggingface.co/datasets/Voxel51/WLASL/resolve/main/fiftyone.yml "HTTP/1.1 307 Temporary Redirect"
2026-06-04 12:30:16,137 | INFO | HTTP Request: HEAD https://huggingface.co/api/resolve-cache/datasets/Voxel51/WLASL/3cf8daaac08088798f539d62fa511028bf5e6fd0/fiftyone.yml "HTTP/1.1 200 OK"
2026-06-04 12:30:16,141 | INFO | Loading dataset
2026-06-04 12:30:16,396 | INFO | HTTP Request: GET https://huggingface.co/api/datasets/Voxel51/WLASL/revision/main "HTTP/1.1 200 OK"
2026-06-04 12:30:16,712 | INFO | HTTP Request: GET https://huggingface.co/api/datasets/Voxel51/WLASL/tree/main?recursive=true&expand=false "HTTP/1.1 200 OK"
2026-06-04 12:30:17,167 | INFO | HTTP Request: GET https://huggingface.co/api/datasets/Voxel51/WLASL/tree/main?expand=false&recursive=true&limit=1000&cursor=ZXlKbWFXeGxYMjVoYldVaU9pSmtZWFJoTDJSaGRHRmZNVEExTHpZek56Z3dMbTF3TkNJc0luUnlaV1ZmYjJsa0lqb2laakUwWVRobE9HRm1ORGc0T0RGa01qVTJaR0kwTURBMU56bGxZMlExTldSaU1XRTNNREF4WmlKOToxMDAw "HTTP/1.1 200 OK"
2026-06-04 12:30:17,592 | INFO | HTTP Request: GET https://huggingface.co/api/datasets/Voxel51/WLASL/tree/main?expand=false&recursive=true&limit=1000&cursor=ZXlKbWFXeGxYMjVoYldVaU9pSmtZWFJoTDJSaGRHRmZNVEUwTHpZMk16VXlMbTF3TkNJc0luUnlaV1ZmYjJsa0lqb2laakUwWVRobE9HRm1ORGc0T0RGa01qVTJaR0kwTURBMU56bGxZMlExTldSaU1XRTNNREF4WmlKOToyMDAw "HTTP/1.1 200 OK"
2026-06-04 12:30:19,185 | INFO | HTTP Request: GET https://huggingface.co/api/datasets/Voxel51/WLASL/tree/main?expand=false&recursive=true&limit=1000&cursor=ZXlKbWFXeGxYMjVoYldVaU9pSmtZWFJoTDJSaGRHRmZNVFl2TURrNU1qSXViWEEwSWl3aWRISmxaVjl2YVdRaU9pSm1NVFJoT0dVNFlXWTBPRGc0TVdReU5UWmtZalF3TURVM09XVmpaRFUxWkdJeFlUY3dNREZtSW4wPTozMDAw "HTTP/1.1 200 OK"
2026-06-04 12:30:19,961 | INFO | HTTP Request: GET https://huggingface.co/api/datasets/Voxel51/WLASL/tree/main?expand=false&recursive=true&limit=1000&cursor=ZXlKbWFXeGxYMjVoYldVaU9pSmtZWFJoTDJSaGRHRmZNall2TVRVMU5qRXViWEEwSWl3aWRISmxaVjl2YVdRaU9pSm1NVFJoT0dVNFlXWTBPRGc0TVdReU5UWmtZalF3TURVM09XVmpaRFUxWkdJeFlUY3dNREZtSW4wPTo0MDAw "HTTP/1.1 200 OK"
2026-06-04 12:30:20,529 | INFO | HTTP Request: GET https://huggingface.co/api/datasets/Voxel51/WLASL/tree/main?expand=false&recursive=true&limit=1000&cursor=ZXlKbWFXeGxYMjVoYldVaU9pSmtZWFJoTDJSaGRHRmZNelV2TWpBM01URXViWEEwSWl3aWRISmxaVjl2YVdRaU9pSm1NVFJoT0dVNFlXWTBPRGc0TVdReU5UWmtZalF3TURVM09XVmpaRFUxWkdJeFlUY3dNREZtSW4wPTo1MDAw "HTTP/1.1 200 OK"
2026-06-04 12:30:20,925 | INFO | HTTP Request: GET https://huggingface.co/api/datasets/Voxel51/WLASL/tree/main?expand=false&recursive=true&limit=1000&cursor=ZXlKbWFXeGxYMjVoYldVaU9pSmtZWFJoTDJSaGRHRmZORFF2TWpZMU9URXViWEEwSWl3aWRISmxaVjl2YVdRaU9pSm1NVFJoT0dVNFlXWTBPRGc0TVdReU5UWmtZalF3TURVM09XVmpaRFUxWkdJeFlUY3dNREZtSW4wPTo2MDAw "HTTP/1.1 200 OK"
2026-06-04 12:30:21,292 | INFO | HTTP Request: GET https://huggingface.co/api/datasets/Voxel51/WLASL/tree/main?expand=false&recursive=true&limit=1000&cursor=ZXlKbWFXeGxYMjVoYldVaU9pSmtZWFJoTDJSaGRHRmZOVE12TXpJMk5qRXViWEEwSWl3aWRISmxaVjl2YVdRaU9pSm1NVFJoT0dVNFlXWTBPRGc0TVdReU5UWmtZalF3TURVM09XVmpaRFUxWkdJeFlUY3dNREZtSW4wPTo3MDAw "HTTP/1.1 200 OK"
2026-06-04 12:30:22,548 | INFO | HTTP Request: GET https://huggingface.co/api/datasets/Voxel51/WLASL/tree/main?expand=false&recursive=true&limit=1000&cursor=ZXlKbWFXeGxYMjVoYldVaU9pSmtZWFJoTDJSaGRHRmZOakl2TXpnNE5qTXViWEEwSWl3aWRISmxaVjl2YVdRaU9pSm1NVFJoT0dVNFlXWTBPRGc0TVdReU5UWmtZalF3TURVM09XVmpaRFUxWkdJeFlUY3dNREZtSW4wPTo4MDAw "HTTP/1.1 200 OK"
2026-06-04 12:30:22,873 | INFO | HTTP Request: GET https://huggingface.co/api/datasets/Voxel51/WLASL/tree/main?expand=false&recursive=true&limit=1000&cursor=ZXlKbWFXeGxYMjVoYldVaU9pSmtZWFJoTDJSaGRHRmZOekV2TkRRMU5qWXViWEEwSWl3aWRISmxaVjl2YVdRaU9pSm1NVFJoT0dVNFlXWTBPRGc0TVdReU5UWmtZalF3TURVM09XVmpaRFUxWkdJeFlUY3dNREZtSW4wPTo5MDAw "HTTP/1.1 200 OK"
2026-06-04 12:30:23,455 | INFO | HTTP Request: GET https://huggingface.co/api/datasets/Voxel51/WLASL/tree/main?expand=false&recursive=true&limit=1000&cursor=ZXlKbWFXeGxYMjVoYldVaU9pSmtZWFJoTDJSaGRHRmZPREF2TlRBd016Y3ViWEEwSWl3aWRISmxaVjl2YVdRaU9pSm1NVFJoT0dVNFlXWTBPRGc0TVdReU5UWmtZalF3TURVM09XVmpaRFUxWkdJeFlUY3dNREZtSW4wPToxMDAwMA%3D%3D "HTTP/1.1 200 OK"
2026-06-04 12:30:24,031 | INFO | HTTP Request: GET https://huggingface.co/api/datasets/Voxel51/WLASL/tree/main?expand=false&recursive=true&limit=1000&cursor=ZXlKbWFXeGxYMjVoYldVaU9pSmtZWFJoTDJSaGRHRmZPUzh3TmpBNE1TNXRjRFFpTENKMGNtVmxYMjlwWkNJNkltWXhOR0U0WlRoaFpqUTRPRGd4WkRJMU5tUmlOREF3TlRjNVpXTmtOVFZrWWpGaE56QXdNV1lpZlE9PToxMTAwMA%3D%3D "HTTP/1.1 200 OK"
2026-06-04 12:30:24,411 | INFO | HTTP Request: GET https://huggingface.co/api/datasets/Voxel51/WLASL/tree/main?expand=false&recursive=true&limit=1000&cursor=ZXlKbWFXeGxYMjVoYldVaU9pSmtZWFJoTDJSaGRHRmZPVGt2TmpBek5Ea3ViWEEwSWl3aWRISmxaVjl2YVdRaU9pSm1NVFJoT0dVNFlXWTBPRGc0TVdReU5UWmtZalF3TURVM09XVmpaRFUxWkdJeFlUY3dNREZtSW4wPToxMjAwMA%3D%3D "HTTP/1.1 200 OK"
2026-06-04 12:31:11,676 | INFO | Existing local video files: 11880
2026-06-04 12:31:11,684 | INFO | Missing local video files: 100
2026-06-04 12:32:28,641 | WARNING | Missing video examples:
2026-06-04 12:32:28,645 | WARNING | /Users/lyrics/fiftyone/huggingface/hub/Voxel51/WLASL/data/data_18/10450.mp4
2026-06-04 12:32:28,646 | WARNING | /Users/lyrics/fiftyone/huggingface/hub/Voxel51/WLASL/data/data_18/10453.mp4
2026-06-04 12:32:28,648 | WARNING | /Users/lyrics/fiftyone/huggingface/hub/Voxel51/WLASL/data/data_18/10461.mp4
2026-06-04 12:32:28,649 | WARNING | /Users/lyrics/fiftyone/huggingface/hub/Voxel51/WLASL/data/data_18/10462.mp4
2026-06-04 12:32:28,651 | WARNING | /Users/lyrics/fiftyone/huggingface/hub/Voxel51/WLASL/data/data_18/10464.mp4
2026-06-04 12:32:28,654 | WARNING | /Users/lyrics/fiftyone/huggingface/hub/Voxel51/WLASL/data/data_18/10466.mp4
2026-06-04 12:32:28,656 | WARNING | /Users/lyrics/fiftyone/huggingface/hub/Voxel51/WLASL/data/data_18/10467.mp4
2026-06-04 12:32:28,660 | WARNING | /Users/lyrics/fiftyone/huggingface/hub/Voxel51/WLASL/data/data_18/10474.mp4
2026-06-04 12:32:28,663 | WARNING | /Users/lyrics/fiftyone/huggingface/hub/Voxel51/WLASL/data/data_18/10516.mp4
2026-06-04 12:32:28,669 | WARNING | /Users/lyrics/fiftyone/huggingface/hub/Voxel51/WLASL/data/data_18/10517.mp4
2026-06-04 12:32:28,671 | WARNING | /Users/lyrics/fiftyone/huggingface/hub/Voxel51/WLASL/data/data_18/10520.mp4
2026-06-04 12:32:28,672 | WARNING | /Users/lyrics/fiftyone/huggingface/hub/Voxel51/WLASL/data/data_18/10526.mp4
2026-06-04 12:32:28,675 | WARNING | /Users/lyrics/fiftyone/huggingface/hub/Voxel51/WLASL/data/data_18/10579.mp4
2026-06-04 12:32:28,677 | WARNING | /Users/lyrics/fiftyone/huggingface/hub/Voxel51/WLASL/data/data_18/10580.mp4
2026-06-04 12:32:28,679 | WARNING | /Users/lyrics/fiftyone/huggingface/hub/Voxel51/WLASL/data/data_18/10581.mp4
2026-06-04 12:32:28,682 | WARNING | /Users/lyrics/fiftyone/huggingface/hub/Voxel51/WLASL/data/data_18/10583.mp4
2026-06-04 12:32:28,684 | WARNING | /Users/lyrics/fiftyone/huggingface/hub/Voxel51/WLASL/data/data_18/10587.mp4
2026-06-04 12:32:28,687 | WARNING | /Users/lyrics/fiftyone/huggingface/hub/Voxel51/WLASL/data/data_18/10589.mp4
2026-06-04 12:32:28,696 | WARNING | /Users/lyrics/fiftyone/huggingface/hub/Voxel51/WLASL/data/data_18/10590.mp4
2026-06-04 12:32:28,698 | WARNING | /Users/lyrics/fiftyone/huggingface/hub/Voxel51/WLASL/data/data_18/10591.mp4
2026-06-04 12:33:30,492 | INFO | Launching FiftyOne app...
