2026-06-04 12:18:20,689 | INFO | Logging configured successfully
2026-06-04 12:18:20,692 | INFO | Log file location: /Users/lyrics/Desktop/client/evance ai project/dataset/ksl_project_data/logs/load_wlasl_20260604_121820.log
2026-06-04 12:21:14,153 | INFO | FiftyOne imported successfully
2026-06-04 12:21:45,326 | INFO | Loading WLASL from Hugging Face/FiftyOne cache...
2026-06-04 12:21:46,299 | INFO | HTTP Request: HEAD https://huggingface.co/datasets/Voxel51/WLASL/resolve/main/fiftyone.yml "HTTP/1.1 307 Temporary Redirect"
2026-06-04 12:21:46,300 | WARNING | Warning: You are sending unauthenticated requests to the HF Hub. Please set a HF_TOKEN to enable higher rate limits and faster downloads.
2026-06-04 12:21:46,542 | INFO | HTTP Request: HEAD https://huggingface.co/api/resolve-cache/datasets/Voxel51/WLASL/3cf8daaac08088798f539d62fa511028bf5e6fd0/fiftyone.yml "HTTP/1.1 200 OK"
2026-06-04 12:21:46,543 | INFO | Downloading config file fiftyone.yml from Voxel51/WLASL
2026-06-04 12:21:46,800 | INFO | HTTP Request: HEAD https://huggingface.co/datasets/Voxel51/WLASL/resolve/main/fiftyone.yml "HTTP/1.1 307 Temporary Redirect"
2026-06-04 12:21:46,825 | INFO | HTTP Request: HEAD https://huggingface.co/api/resolve-cache/datasets/Voxel51/WLASL/3cf8daaac08088798f539d62fa511028bf5e6fd0/fiftyone.yml "HTTP/1.1 200 OK"
2026-06-04 12:21:46,836 | INFO | Loading dataset
2026-06-04 12:21:50,403 | INFO | HTTP Request: GET https://huggingface.co/api/datasets/Voxel51/WLASL/revision/main "HTTP/1.1 200 OK"
2026-06-04 12:21:53,864 | INFO | HTTP Request: GET https://huggingface.co/api/datasets/Voxel51/WLASL/tree/main?recursive=true&expand=false "HTTP/1.1 200 OK"
2026-06-04 12:21:54,240 | INFO | HTTP Request: GET https://huggingface.co/api/datasets/Voxel51/WLASL/tree/main?expand=false&recursive=true&limit=1000&cursor=ZXlKbWFXeGxYMjVoYldVaU9pSmtZWFJoTDJSaGRHRmZNVEExTHpZek56Z3dMbTF3TkNJc0luUnlaV1ZmYjJsa0lqb2laakUwWVRobE9HRm1ORGc0T0RGa01qVTJaR0kwTURBMU56bGxZMlExTldSaU1XRTNNREF4WmlKOToxMDAw "HTTP/1.1 200 OK"
2026-06-04 12:21:54,541 | INFO | HTTP Request: GET https://huggingface.co/api/datasets/Voxel51/WLASL/tree/main?expand=false&recursive=true&limit=1000&cursor=ZXlKbWFXeGxYMjVoYldVaU9pSmtZWFJoTDJSaGRHRmZNVEUwTHpZMk16VXlMbTF3TkNJc0luUnlaV1ZmYjJsa0lqb2laakUwWVRobE9HRm1ORGc0T0RGa01qVTJaR0kwTURBMU56bGxZMlExTldSaU1XRTNNREF4WmlKOToyMDAw "HTTP/1.1 200 OK"
2026-06-04 12:21:55,094 | INFO | HTTP Request: GET https://huggingface.co/api/datasets/Voxel51/WLASL/tree/main?expand=false&recursive=true&limit=1000&cursor=ZXlKbWFXeGxYMjVoYldVaU9pSmtZWFJoTDJSaGRHRmZNVFl2TURrNU1qSXViWEEwSWl3aWRISmxaVjl2YVdRaU9pSm1NVFJoT0dVNFlXWTBPRGc0TVdReU5UWmtZalF3TURVM09XVmpaRFUxWkdJeFlUY3dNREZtSW4wPTozMDAw "HTTP/1.1 200 OK"
2026-06-04 12:21:55,448 | INFO | HTTP Request: GET https://huggingface.co/api/datasets/Voxel51/WLASL/tree/main?expand=false&recursive=true&limit=1000&cursor=ZXlKbWFXeGxYMjVoYldVaU9pSmtZWFJoTDJSaGRHRmZNall2TVRVMU5qRXViWEEwSWl3aWRISmxaVjl2YVdRaU9pSm1NVFJoT0dVNFlXWTBPRGc0TVdReU5UWmtZalF3TURVM09XVmpaRFUxWkdJeFlUY3dNREZtSW4wPTo0MDAw "HTTP/1.1 200 OK"
2026-06-04 12:21:55,885 | INFO | HTTP Request: GET https://huggingface.co/api/datasets/Voxel51/WLASL/tree/main?expand=false&recursive=true&limit=1000&cursor=ZXlKbWFXeGxYMjVoYldVaU9pSmtZWFJoTDJSaGRHRmZNelV2TWpBM01URXViWEEwSWl3aWRISmxaVjl2YVdRaU9pSm1NVFJoT0dVNFlXWTBPRGc0TVdReU5UWmtZalF3TURVM09XVmpaRFUxWkdJeFlUY3dNREZtSW4wPTo1MDAw "HTTP/1.1 200 OK"
2026-06-04 12:21:56,630 | INFO | HTTP Request: GET https://huggingface.co/api/datasets/Voxel51/WLASL/tree/main?expand=false&recursive=true&limit=1000&cursor=ZXlKbWFXeGxYMjVoYldVaU9pSmtZWFJoTDJSaGRHRmZORFF2TWpZMU9URXViWEEwSWl3aWRISmxaVjl2YVdRaU9pSm1NVFJoT0dVNFlXWTBPRGc0TVdReU5UWmtZalF3TURVM09XVmpaRFUxWkdJeFlUY3dNREZtSW4wPTo2MDAw "HTTP/1.1 200 OK"
2026-06-04 12:21:57,026 | INFO | HTTP Request: GET https://huggingface.co/api/datasets/Voxel51/WLASL/tree/main?expand=false&recursive=true&limit=1000&cursor=ZXlKbWFXeGxYMjVoYldVaU9pSmtZWFJoTDJSaGRHRmZOVE12TXpJMk5qRXViWEEwSWl3aWRISmxaVjl2YVdRaU9pSm1NVFJoT0dVNFlXWTBPRGc0TVdReU5UWmtZalF3TURVM09XVmpaRFUxWkdJeFlUY3dNREZtSW4wPTo3MDAw "HTTP/1.1 200 OK"
2026-06-04 12:21:57,408 | INFO | HTTP Request: GET https://huggingface.co/api/datasets/Voxel51/WLASL/tree/main?expand=false&recursive=true&limit=1000&cursor=ZXlKbWFXeGxYMjVoYldVaU9pSmtZWFJoTDJSaGRHRmZOakl2TXpnNE5qTXViWEEwSWl3aWRISmxaVjl2YVdRaU9pSm1NVFJoT0dVNFlXWTBPRGc0TVdReU5UWmtZalF3TURVM09XVmpaRFUxWkdJeFlUY3dNREZtSW4wPTo4MDAw "HTTP/1.1 200 OK"
2026-06-04 12:21:58,761 | INFO | HTTP Request: GET https://huggingface.co/api/datasets/Voxel51/WLASL/tree/main?expand=false&recursive=true&limit=1000&cursor=ZXlKbWFXeGxYMjVoYldVaU9pSmtZWFJoTDJSaGRHRmZOekV2TkRRMU5qWXViWEEwSWl3aWRISmxaVjl2YVdRaU9pSm1NVFJoT0dVNFlXWTBPRGc0TVdReU5UWmtZalF3TURVM09XVmpaRFUxWkdJeFlUY3dNREZtSW4wPTo5MDAw "HTTP/1.1 200 OK"
2026-06-04 12:21:59,683 | INFO | HTTP Request: GET https://huggingface.co/api/datasets/Voxel51/WLASL/tree/main?expand=false&recursive=true&limit=1000&cursor=ZXlKbWFXeGxYMjVoYldVaU9pSmtZWFJoTDJSaGRHRmZPREF2TlRBd016Y3ViWEEwSWl3aWRISmxaVjl2YVdRaU9pSm1NVFJoT0dVNFlXWTBPRGc0TVdReU5UWmtZalF3TURVM09XVmpaRFUxWkdJeFlUY3dNREZtSW4wPToxMDAwMA%3D%3D "HTTP/1.1 200 OK"
2026-06-04 12:22:00,249 | INFO | HTTP Request: GET https://huggingface.co/api/datasets/Voxel51/WLASL/tree/main?expand=false&recursive=true&limit=1000&cursor=ZXlKbWFXeGxYMjVoYldVaU9pSmtZWFJoTDJSaGRHRmZPUzh3TmpBNE1TNXRjRFFpTENKMGNtVmxYMjlwWkNJNkltWXhOR0U0WlRoaFpqUTRPRGd4WkRJMU5tUmlOREF3TlRjNVpXTmtOVFZrWWpGaE56QXdNV1lpZlE9PToxMTAwMA%3D%3D "HTTP/1.1 200 OK"
2026-06-04 12:22:00,628 | INFO | HTTP Request: GET https://huggingface.co/api/datasets/Voxel51/WLASL/tree/main?expand=false&recursive=true&limit=1000&cursor=ZXlKbWFXeGxYMjVoYldVaU9pSmtZWFJoTDJSaGRHRmZPVGt2TmpBek5Ea3ViWEEwSWl3aWRISmxaVjl2YVdRaU9pSm1NVFJoT0dVNFlXWTBPRGc0TVdReU5UWmtZalF3TURVM09XVmpaRFUxWkdJeFlUY3dNREZtSW4wPToxMjAwMA%3D%3D "HTTP/1.1 200 OK"
