2026-06-02 23:47:08,836 | INFO | Loading WLASL from Hugging Face/FiftyOne cache...
2026-06-02 23:47:09,545 | INFO | HTTP Request: HEAD https://huggingface.co/datasets/Voxel51/WLASL/resolve/main/fiftyone.yml "HTTP/1.1 307 Temporary Redirect"
2026-06-02 23:47:09,556 | INFO | HTTP Request: HEAD https://huggingface.co/api/resolve-cache/datasets/Voxel51/WLASL/3cf8daaac08088798f539d62fa511028bf5e6fd0/fiftyone.yml "HTTP/1.1 200 OK"
2026-06-02 23:47:09,557 | INFO | Downloading config file fiftyone.yml from Voxel51/WLASL
2026-06-02 23:47:09,788 | INFO | HTTP Request: HEAD https://huggingface.co/datasets/Voxel51/WLASL/resolve/main/fiftyone.yml "HTTP/1.1 307 Temporary Redirect"
2026-06-02 23:47:09,788 | WARNING | Warning: You are sending unauthenticated requests to the HF Hub. Please set a HF_TOKEN to enable higher rate limits and faster downloads.
2026-06-02 23:47:09,801 | INFO | HTTP Request: HEAD https://huggingface.co/api/resolve-cache/datasets/Voxel51/WLASL/3cf8daaac08088798f539d62fa511028bf5e6fd0/fiftyone.yml "HTTP/1.1 200 OK"
2026-06-02 23:47:09,813 | INFO | Loading dataset
2026-06-02 23:47:14,770 | INFO | HTTP Request: GET https://huggingface.co/api/datasets/Voxel51/WLASL/revision/main "HTTP/1.1 200 OK"
2026-06-02 23:47:15,327 | INFO | HTTP Request: GET https://huggingface.co/api/datasets/Voxel51/WLASL/tree/main?recursive=true&expand=false "HTTP/1.1 200 OK"
2026-06-02 23:47:15,707 | INFO | HTTP Request: GET https://huggingface.co/api/datasets/Voxel51/WLASL/tree/main?expand=false&recursive=true&limit=1000&cursor=ZXlKbWFXeGxYMjVoYldVaU9pSmtZWFJoTDJSaGRHRmZNVEExTHpZek56Z3dMbTF3TkNJc0luUnlaV1ZmYjJsa0lqb2laakUwWVRobE9HRm1ORGc0T0RGa01qVTJaR0kwTURBMU56bGxZMlExTldSaU1XRTNNREF4WmlKOToxMDAw "HTTP/1.1 200 OK"
2026-06-02 23:47:16,101 | INFO | HTTP Request: GET https://huggingface.co/api/datasets/Voxel51/WLASL/tree/main?expand=false&recursive=true&limit=1000&cursor=ZXlKbWFXeGxYMjVoYldVaU9pSmtZWFJoTDJSaGRHRmZNVEUwTHpZMk16VXlMbTF3TkNJc0luUnlaV1ZmYjJsa0lqb2laakUwWVRobE9HRm1ORGc0T0RGa01qVTJaR0kwTURBMU56bGxZMlExTldSaU1XRTNNREF4WmlKOToyMDAw "HTTP/1.1 200 OK"
2026-06-02 23:47:16,514 | INFO | HTTP Request: GET https://huggingface.co/api/datasets/Voxel51/WLASL/tree/main?expand=false&recursive=true&limit=1000&cursor=ZXlKbWFXeGxYMjVoYldVaU9pSmtZWFJoTDJSaGRHRmZNVFl2TURrNU1qSXViWEEwSWl3aWRISmxaVjl2YVdRaU9pSm1NVFJoT0dVNFlXWTBPRGc0TVdReU5UWmtZalF3TURVM09XVmpaRFUxWkdJeFlUY3dNREZtSW4wPTozMDAw "HTTP/1.1 200 OK"
2026-06-02 23:47:16,837 | INFO | HTTP Request: GET https://huggingface.co/api/datasets/Voxel51/WLASL/tree/main?expand=false&recursive=true&limit=1000&cursor=ZXlKbWFXeGxYMjVoYldVaU9pSmtZWFJoTDJSaGRHRmZNall2TVRVMU5qRXViWEEwSWl3aWRISmxaVjl2YVdRaU9pSm1NVFJoT0dVNFlXWTBPRGc0TVdReU5UWmtZalF3TURVM09XVmpaRFUxWkdJeFlUY3dNREZtSW4wPTo0MDAw "HTTP/1.1 200 OK"
2026-06-02 23:47:17,150 | INFO | HTTP Request: GET https://huggingface.co/api/datasets/Voxel51/WLASL/tree/main?expand=false&recursive=true&limit=1000&cursor=ZXlKbWFXeGxYMjVoYldVaU9pSmtZWFJoTDJSaGRHRmZNelV2TWpBM01URXViWEEwSWl3aWRISmxaVjl2YVdRaU9pSm1NVFJoT0dVNFlXWTBPRGc0TVdReU5UWmtZalF3TURVM09XVmpaRFUxWkdJeFlUY3dNREZtSW4wPTo1MDAw "HTTP/1.1 200 OK"
2026-06-02 23:47:17,453 | INFO | HTTP Request: GET https://huggingface.co/api/datasets/Voxel51/WLASL/tree/main?expand=false&recursive=true&limit=1000&cursor=ZXlKbWFXeGxYMjVoYldVaU9pSmtZWFJoTDJSaGRHRmZORFF2TWpZMU9URXViWEEwSWl3aWRISmxaVjl2YVdRaU9pSm1NVFJoT0dVNFlXWTBPRGc0TVdReU5UWmtZalF3TURVM09XVmpaRFUxWkdJeFlUY3dNREZtSW4wPTo2MDAw "HTTP/1.1 200 OK"
2026-06-02 23:47:17,753 | INFO | HTTP Request: GET https://huggingface.co/api/datasets/Voxel51/WLASL/tree/main?expand=false&recursive=true&limit=1000&cursor=ZXlKbWFXeGxYMjVoYldVaU9pSmtZWFJoTDJSaGRHRmZOVE12TXpJMk5qRXViWEEwSWl3aWRISmxaVjl2YVdRaU9pSm1NVFJoT0dVNFlXWTBPRGc0TVdReU5UWmtZalF3TURVM09XVmpaRFUxWkdJeFlUY3dNREZtSW4wPTo3MDAw "HTTP/1.1 200 OK"
2026-06-02 23:47:18,054 | INFO | HTTP Request: GET https://huggingface.co/api/datasets/Voxel51/WLASL/tree/main?expand=false&recursive=true&limit=1000&cursor=ZXlKbWFXeGxYMjVoYldVaU9pSmtZWFJoTDJSaGRHRmZOakl2TXpnNE5qTXViWEEwSWl3aWRISmxaVjl2YVdRaU9pSm1NVFJoT0dVNFlXWTBPRGc0TVdReU5UWmtZalF3TURVM09XVmpaRFUxWkdJeFlUY3dNREZtSW4wPTo4MDAw "HTTP/1.1 200 OK"
2026-06-02 23:47:18,360 | INFO | HTTP Request: GET https://huggingface.co/api/datasets/Voxel51/WLASL/tree/main?expand=false&recursive=true&limit=1000&cursor=ZXlKbWFXeGxYMjVoYldVaU9pSmtZWFJoTDJSaGRHRmZOekV2TkRRMU5qWXViWEEwSWl3aWRISmxaVjl2YVdRaU9pSm1NVFJoT0dVNFlXWTBPRGc0TVdReU5UWmtZalF3TURVM09XVmpaRFUxWkdJeFlUY3dNREZtSW4wPTo5MDAw "HTTP/1.1 200 OK"
2026-06-02 23:47:18,698 | INFO | HTTP Request: GET https://huggingface.co/api/datasets/Voxel51/WLASL/tree/main?expand=false&recursive=true&limit=1000&cursor=ZXlKbWFXeGxYMjVoYldVaU9pSmtZWFJoTDJSaGRHRmZPREF2TlRBd016Y3ViWEEwSWl3aWRISmxaVjl2YVdRaU9pSm1NVFJoT0dVNFlXWTBPRGc0TVdReU5UWmtZalF3TURVM09XVmpaRFUxWkdJeFlUY3dNREZtSW4wPToxMDAwMA%3D%3D "HTTP/1.1 200 OK"
2026-06-02 23:47:19,001 | INFO | HTTP Request: GET https://huggingface.co/api/datasets/Voxel51/WLASL/tree/main?expand=false&recursive=true&limit=1000&cursor=ZXlKbWFXeGxYMjVoYldVaU9pSmtZWFJoTDJSaGRHRmZPUzh3TmpBNE1TNXRjRFFpTENKMGNtVmxYMjlwWkNJNkltWXhOR0U0WlRoaFpqUTRPRGd4WkRJMU5tUmlOREF3TlRjNVpXTmtOVFZrWWpGaE56QXdNV1lpZlE9PToxMTAwMA%3D%3D "HTTP/1.1 200 OK"
2026-06-02 23:47:19,413 | INFO | HTTP Request: GET https://huggingface.co/api/datasets/Voxel51/WLASL/tree/main?expand=false&recursive=true&limit=1000&cursor=ZXlKbWFXeGxYMjVoYldVaU9pSmtZWFJoTDJSaGRHRmZPVGt2TmpBek5Ea3ViWEEwSWl3aWRISmxaVjl2YVdRaU9pSm1NVFJoT0dVNFlXWTBPRGc0TVdReU5UWmtZalF3TURVM09XVmpaRFUxWkdJeFlUY3dNREZtSW4wPToxMjAwMA%3D%3D "HTTP/1.1 200 OK"
